0 149.45450770258458 149.60159245551296 0.0 12-07-2024-10-56-03
1 149.60162725739247 149.60162725739247 0.0 12-07-2024-10-56-28
2 149.60164121596804 149.60164121596804 0.0 12-07-2024-10-56-53
0 149.60155077869786 149.6681701284374 192.2268369253988 12-07-2024-10-57-46
1 149.60155077869786 149.6681701284374 153.78146954031905 12-07-2024-10-57-46
2 150.40150626239122 150.40150626239122 128.15122461693252 12-07-2024-10-57-59
0 149.59850171586703 149.59850171586703 227.2050920092278 12-07-2024-10-58-26
1 150.4436592652995 150.4436592652995 198.8044555080743 12-07-2024-10-58-53
2 149.60188288698782 150.4436592652995 177.15761845056647 12-07-2024-10-59-19
0 149.60159245551296 149.60159245551296 186.18464128668813 12-07-2024-10-59-46
1 149.60159245551296 149.60159245551296 175.79841732028956 12-07-2024-10-59-59
2 149.60162686064945 149.60162686064945 167.03724846444646 12-07-2024-11-00-12
0 150.45525462724797 150.45525462724797 180.30604245272596 12-07-2024-11-01-05
1 150.45525462724797 150.45525462724797 167.42703942038838 12-07-2024-11-01-05
2 149.69344848262048 150.45525462724797 156.2652367923625 12-07-2024-11-01-31
0 149.6016115462613 149.6016115462613 291.06728143054386 12-07-2024-11-02-25
1 149.70884366602638 149.70884366602638 279.76867584922206 12-07-2024-11-02-51
2 149.60159245551296 149.70884366602638 254.1066200658331 12-07-2024-11-03-04
0 149.7079563080036 149.7079563080036 172.56930478979015 12-07-2024-11-03-56
1 149.60165967487706 149.7079563080036 163.94083955030064 12-07-2024-11-04-21
2 149.60165967487706 149.7079563080036 160.04667508332398 12-07-2024-11-04-34
0 149.60149885531408 149.65083003606378 209.22055388617312 12-07-2024-11-05-25
1 149.65831450840813 149.65831450840813 200.12400806503518 12-07-2024-11-05-38
2 149.60149885531408 149.65831450840813 189.5008892287707 12-07-2024-11-05-51
0 149.6016210921225 149.60754472986997 220.43940001277457 12-07-2024-11-06-45
1 149.6016118718832 149.60754472986997 234.79637991353331 12-07-2024-11-06-58
2 149.6016118718832 149.60754472986997 204.5575248119463 12-07-2024-11-07-12
0 149.60159245551296 149.60159245551296 171.4714112812755 12-07-2024-11-07-53
1 149.60159245551296 149.60159245551296 165.55860399571426 12-07-2024-11-07-53
2 149.60159245551296 149.60159245551296 187.96902901886207 12-07-2024-11-08-06
0 149.60150555820275 149.6016001754645 278.2189627864225 12-07-2024-11-09-00
1 149.60150555820275 149.6016001754645 269.52462019934677 12-07-2024-11-09-00
2 149.60163085794161 149.60163085794161 173.5396339224763 12-07-2024-11-09-26
0 8.622591416431334 8.622591416431334 0.0 12-07-2024-11-23-33
1 8.622591416431334 8.622591416431334 0.0 12-07-2024-11-23-33
0 143.89966961195066 143.89966961195066 0.0 12-07-2024-14-15-24
1 143.89966961195066 143.89966961195066 0.0 12-07-2024-14-15-24
2 149.03928112878188 149.03928112878188 7.818649867270626 12-07-2024-14-20-21
0 138.67508913218393 138.67508913218393 229.94166770750508 12-07-2024-14-23-36
0 33.96591179531099 33.96591179531099 96.36054887545006 12-07-2024-15-17-51
0 7.756895139197326 7.756895139197326 0.0 12-07-2024-15-49-48
1 10.639314544440992 10.639314544440992 0.0 12-07-2024-16-02-09
2 134.55284258818386 134.55284258818386 8.890039472411898 12-07-2024-16-14-15
0 0.001 0.001 0.0 12-07-2024-16-32-28
1 129.5759449864996 129.5759449864996 17.150357809055595 12-07-2024-16-38-11
2 129.5759449864996 129.5759449864996 17.27351770019566 12-07-2024-16-40-29
0 3.931373854410424 3.931373854410424 336.50101129052234 12-07-2024-17-01-03
1 0.001 3.931373854410424 263.9908468429283 12-07-2024-17-11-59
2 48.239597603699735 48.239597603699735 223.47286736331128 12-07-2024-17-16-30
0 41.14135071618327 41.14135071618327 318.74603728219 12-07-2024-17-45-43
1 41.14135071618327 41.14135071618327 278.90278262191623 12-07-2024-17-45-43
2 41.14135071618327 41.14135071618327 259.7797476726298 12-07-2024-17-47-33
0 49.17378282802984 49.17378282802984 326.330770449483 12-07-2024-18-06-53
1 49.17378282802984 49.17378282802984 317.74587038653914 12-07-2024-18-06-53
2 34.09187775682787 49.17378282802984 291.2670478543276 12-07-2024-18-18-49
0 32.747847053411334 49.643472492612574 283.7605311705032 12-07-2024-18-36-27
1 32.747847053411334 49.643472492612574 277.47109714930184 12-07-2024-18-38-27
2 32.747847053411334 49.643472492612574 258.97302400601507 12-07-2024-18-44-44
0 0.001 0.001 265.4809595383358 12-07-2024-19-00-18
0 129.26705664497095 132.37744808062763 0.0 12-07-2024-19-39-57
1 17.90410744195485 132.37744808062763 0.0 12-07-2024-19-50-00
2 32.406111196903126 132.37744808062763 0.0 12-07-2024-19-57-52
0 51.65847452792467 51.65847452792467 223.51534297791534 12-07-2024-20-08-07
1 51.65847452792467 51.65847452792467 178.81227438233228 12-07-2024-20-08-07
2 128.60883973566698 128.60883973566698 149.01022865194355 12-07-2024-20-15-11
0 0.001 10.906108922585744 195.73589752527243 12-07-2024-20-29-26
0 140.17398175830937 140.17398175830937 137.96887160202414 12-07-2024-21-10-22
1 136.96938156758586 140.17398175830937 68.98443580101207 12-07-2024-21-16-23
2 136.96938156758586 140.17398175830937 45.98962386734138 12-07-2024-21-16-23
0 140.656386077397 140.656386077397 156.2710062093867 12-07-2024-21-38-37
1 0.001 140.656386077397 125.01680496750937 12-07-2024-21-52-07
2 32.08256877886781 140.656386077397 104.18067080625781 12-07-2024-22-06-52
0 24.217048351573 24.217048351573 314.80047141097185 12-07-2024-22-29-26
1 22.961343785353208 24.217048351573 275.45041248460035 12-07-2024-22-40-40
2 44.73964980546984 44.73964980546984 244.84481109742254 12-07-2024-22-58-51
0 0.001 0.001 200.17624564128135 12-07-2024-23-13-49
1 4.060369932483383 4.060369932483383 181.97840512843757 12-07-2024-23-20-06
2 138.61835041396355 138.61835041396355 193.10128665837658 12-07-2024-23-27-57
0 56.13966215135228 56.13966215135228 254.85155425460204 12-07-2024-23-41-18
1 56.13966215135228 56.13966215135228 200.1756310643335 12-07-2024-23-45-23
2 56.13966215135228 56.13966215135228 186.83058899337794 12-07-2024-23-48-03
0 26.836517636377096 35.25777720181645 269.29056270538797 12-08-2024-00-08-33
1 21.970708045634552 35.25777720181645 253.44994136977692 12-08-2024-00-19-32
2 2.3908469852632663 35.25777720181645 239.36938907145597 12-08-2024-00-28-22
0 0.001 30.579237181922593 155.02379585644456 12-08-2024-09-54-24
1 27.64490160997201 30.579237181922593 77.51189792822228 12-08-2024-10-02-16
2 32.12864307114154 32.12864307114154 79.90393322151628 12-08-2024-10-08-14
0 27.073782500965308 27.073782500965308 217.77264949164316 12-08-2024-10-21-00
1 17.835984944481993 27.073782500965308 174.21811959331453 12-08-2024-10-32-04
2 17.835984944481993 27.073782500965308 145.18176632776212 12-08-2024-10-32-04
0 14.254000693922649 135.10681978601198 279.32814184274685 12-08-2024-10-55-00
1 14.254000693922649 135.10681978601198 244.27120907718097 12-08-2024-10-59-53
2 0.001 135.10681978601198 217.12996362416087 12-08-2024-11-08-14
0 0.001 0.001 199.7558496827256 12-08-2024-11-14-22
1 0.001 0.001 181.596226984296 12-08-2024-11-19-33
2 0.001 0.001 179.745163170909 12-08-2024-11-27-04
0 7.679315112049821 7.679315112049821 193.79587954470588 12-08-2024-11-37-46
1 7.679315112049821 7.679315112049821 179.95331672008405 12-08-2024-11-37-46
2 0.5163899144371555 7.679315112049821 191.60605818925438 12-08-2024-11-47-31
0 0.001 136.87110820053786 196.50155340096578 12-08-2024-12-10-28
1 35.71638778953242 136.87110820053786 168.53879469188757 12-08-2024-12-14-43
2 0.001 136.87110820053786 159.17552832011606 12-08-2024-12-20-32
0 0.001 52.50429931822998 285.891443312966 12-08-2024-12-30-37
1 33.663677805916166 52.50429931822998 271.5968711473177 12-08-2024-12-36-41
2 33.663677805916166 52.50429931822998 258.6636868069692 12-08-2024-12-36-41
0 0.7035230288463481 0.7035230288463481 189.93221314275505 12-08-2024-12-56-22
1 18.834645551134116 18.834645551134116 215.7119554198896 12-08-2024-13-06-57
2 54.45932945318755 54.45932945318755 206.7239572773942 12-08-2024-13-17-34
0 139.53623642631806 139.53623642631806 234.80785854191697 12-08-2024-13-41-51
1 139.61990934883252 139.61990934883252 225.77678705953556 12-08-2024-14-04-29
2 139.61990934883252 139.61990934883252 217.41468383510832 12-08-2024-14-04-29
0 0.001 0.001 197.46355817907806 12-08-2024-14-09-59
1 0.001 0.001 195.01311230055694 12-08-2024-14-17-54
2 0.001 0.001 193.46153077480497 12-08-2024-14-27-42
0 0.001 53.56359219158442 259.15305945005287 12-08-2024-14-35-22
1 140.1927236311575 140.1927236311575 223.79084995234456 12-08-2024-14-41-37
2 140.1927236311575 140.1927236311575 217.00930904469774 12-08-2024-14-41-37
0 44.54398576652386 44.54398576652386 221.20364543253015 12-08-2024-14-49-40
1 44.54398576652386 44.54398576652386 255.3082963540188 12-08-2024-14-57-15
2 44.54398576652386 44.54398576652386 248.21639923307384 12-08-2024-14-57-15
0 54.45932945318755 133.6424977227286 188.1323957786449 12-08-2024-15-24-33
1 54.45932945318755 133.6424977227286 183.18154325815425 12-08-2024-15-24-33
2 54.45932945318755 133.6424977227286 178.48458061050928 12-08-2024-15-24-33
0 49.200460117224324 49.200460117224324 223.52955321466862 12-08-2024-15-37-10
1 136.78859075665875 136.78859075665875 218.0776128923596 12-08-2024-15-42-29
2 136.78859075665875 136.78859075665875 212.67230509061184 12-08-2024-15-51-19
0 33.67894136564756 33.69801226458705 0.0 12-08-2024-16-54-00
1 33.706094264941896 33.706094264941896 3.0632149919205345 12-08-2024-17-05-09
2 33.706094264941896 33.706094264941896 2.042143327947023 12-08-2024-17-16-15
0 33.69156352910309 33.69156352910309 255.70864983089277 12-08-2024-17-27-49
1 33.66887135347099 33.69156352910309 204.5669198647142 12-08-2024-17-50-00
2 33.67087607545882 33.69156352910309 170.47243322059518 12-08-2024-18-11-46
0 33.674299195082725 33.674299195082725 150.47680014816424 12-08-2024-18-55-36
1 33.685675983495656 33.685675983495656 131.6672001296437 12-08-2024-19-17-32
2 33.685675983495656 33.685675983495656 119.15624853954 12-08-2024-19-28-31
0 36.14522643896056 36.14522643896056 230.0014198438467 12-08-2024-20-12-32
1 35.52419886357711 36.14522643896056 194.9317352590131 12-08-2024-20-34-30
2 36.06564599526172 36.14522643896056 178.46084152152025 12-08-2024-20-45-32
0 24.414701449788126 24.414701449788126 202.29118309848891 12-08-2024-21-14-08
1 21.631052076879598 24.414701449788126 220.5953123396457 12-08-2024-21-30-25
2 22.000071306268566 24.414701449788126 179.82587341908547 12-08-2024-21-46-35
0 32.45900653205345 33.48621024208461 327.62391687064394 12-08-2024-22-19-09
1 32.45900653205345 33.48621024208461 308.35192176060605 12-08-2024-22-19-09
2 32.64498581311865 33.48621024208461 242.4423080584518 12-08-2024-22-35-36
0 11.048549991963057 27.49499748679824 190.9907315435623 12-08-2024-23-00-36
1 11.048549991963057 27.49499748679824 181.4411949663842 12-08-2024-23-00-36
2 11.058923436122768 27.49499748679824 172.80113806322302 12-08-2024-23-19-15
0 33.677754089603866 33.677754089603866 250.90875271175588 12-08-2024-23-54-19
1 33.66910811267604 33.677754089603866 245.7506986427374 12-09-2024-00-04-35
2 32.3562204456594 33.677754089603866 299.6900671667792 12-09-2024-00-04-35
0 9.203077297373824 9.203077297373824 75.33889203689179 12-15-2024-00-38-57
1 8.958078870118996 9.203077297373824 37.669446018445896 12-15-2024-01-00-53
2 8.970256190615572 9.203077297373824 25.112964012297265 12-15-2024-01-22-42
0 9.049569509912232 9.049569509912232 124.0960733942326 12-15-2024-01-44-41
1 8.515832926603665 9.049569509912232 102.17959609524313 12-15-2024-02-06-26
2 8.564572581020471 9.049569509912232 85.19168372504235 12-15-2024-02-17-18
0 5.914586307618492 8.806354350590397 324.50441805357565 12-15-2024-03-01-12
1 5.914586307618492 8.806354350590397 283.9413657968787 12-15-2024-03-01-12
2 5.914586307618492 8.806354350590397 264.3706429949222 12-15-2024-03-12-39
0 7.811259110402659 9.211988005372291 173.50793221173203 12-15-2024-03-45-46
1 8.847108257822953 9.211988005372291 157.7344838288473 12-15-2024-04-07-36
2 9.205308444251841 9.211988005372291 144.5899435097767 12-15-2024-04-29-28
0 9.287140793217986 10.885295562628727 322.2465213196285 12-15-2024-04-51-19
1 9.285685299527543 10.885295562628727 288.0067251098989 12-15-2024-05-13-14
2 10.13923415950984 10.885295562628727 247.4252524287075 12-15-2024-05-24-10
0 8.62452614596856 8.62452614596856 244.43636528611086 12-15-2024-05-57-27
1 8.083121476381464 8.62452614596856 243.1236371827883 12-15-2024-06-19-18
2 8.083121476381464 8.62452614596856 229.61676845041114 12-15-2024-06-19-18
0 7.592401181376857 7.592401181376857 232.84930503275902 12-15-2024-06-52-34
1 7.272766067619017 7.592401181376857 228.59101794361703 12-15-2024-07-14-20
2 7.272766067619017 7.592401181376857 224.3497452928269 12-15-2024-07-14-20
0 7.1138407176853065 7.41605826770251 282.80410016424986 12-15-2024-07-47-09
1 8.109696620990363 8.109696620990363 294.21524769142945 12-15-2024-07-58-35
2 7.189022476516897 8.109696620990363 281.95627903761994 12-15-2024-08-20-30
0 9.07097889806613 9.07097889806613 248.97407201419 12-15-2024-08-53-23
1 9.07097889806613 9.07097889806613 227.3910485280817 12-15-2024-09-07-05
2 9.07097889806613 9.07097889806613 218.96915784185646 12-15-2024-09-07-05
